ERROR [portable_pty::win::psuedocon] CreateProcessW `"\"C:\\Program Files\\nodejs\\npm\" run inngest:dev\0"` in cwd `Some("E:\\ProjectSaaS\\workflows\\nodebase\0")` failed: %1 is not a valid Win32 application. (os error 193)
ERROR [portable_pty::win::psuedocon] CreateProcessW `"\"C:\\Program Files\\nodejs\\npm\" run dev\0"` in cwd `Some("E:\\ProjectSaaS\\workflows\\nodebase\0")` failed: %1 is not a valid Win32 application. (os error 193)
ERROR [portable_pty::win::psuedocon] CreateProcessW `"\"C:\\Program Files\\nodejs\\npm\" run inngest:dev\0"` in cwd `Some("E:\\ProjectSaaS\\workflows\\nodebase\0")` failed: %1 is not a valid Win32 application. (os error 193)
ERROR [portable_pty::win::psuedocon] CreateProcessW `"\"C:\\Program Files\\nodejs\\npm\" run inngest:dev\0"` in cwd `Some("E:\\ProjectSaaS\\workflows\\nodebase\0")` failed: %1 is not a valid Win32 application. (os error 193)
ERROR [portable_pty::win::psuedocon] CreateProcessW `"\"C:\\Program Files\\nodejs\\npm\" run inngest:dev\0"` in cwd `Some("E:\\ProjectSaaS\\workflows\\nodebase\0")` failed: %1 is not a valid Win32 application. (os error 193)
ERROR [portable_pty::win::psuedocon] CreateProcessW `"\"C:\\Program Files\\nodejs\\npm\" run inngest:dev\0"` in cwd `Some("E:\\ProjectSaaS\\workflows\\nodebase\0")` failed: %1 is not a valid Win32 application. (os error 193)
ERROR [portable_pty::win::psuedocon] CreateProcessW `"\"C:\\Program Files\\nodejs\\npm\" run inngest:dev\0"` in cwd `Some("E:\\ProjectSaaS\\workflows\\nodebase\0")` failed: %1 is not a valid Win32 application. (os error 193)
ERROR [portable_pty::win::psuedocon] CreateProcessW `"\"C:\\Program Files\\nodejs\\npm\" run inngest:dev\0"` in cwd `Some("E:\\ProjectSaaS\\workflows\\nodebase\0")` failed: %1 is not a valid Win32 application. (os error 193)
ERROR [portable_pty::win::psuedocon] CreateProcessW `"\"C:\\Program Files\\nodejs\\npm\" run inngest:dev\0"` in cwd `Some("E:\\ProjectSaaS\\workflows\\nodebase\0")` failed: %1 is not a valid Win32 application. (os error 193)
ERROR [portable_pty::win::psuedocon] CreateProcessW `"\"C:\\Program Files\\nodejs\\npm\" run inngest:dev\0"` in cwd `Some("E:\\ProjectSaaS\\workflows\\nodebase\0")` failed: %1 is not a valid Win32 application. (os error 193)
ERROR [portable_pty::win::psuedocon] CreateProcessW `"\"C:\\Program Files\\nodejs\\npm\" run inngest:dev\0"` in cwd `Some("E:\\ProjectSaaS\\workflows\\nodebase\0")` failed: %1 is not a valid Win32 application. (os error 193)
ERROR [portable_pty::win::psuedocon] CreateProcessW `"\"C:\\Program Files\\nodejs\\npm\" run inngest:dev\0"` in cwd `Some("E:\\ProjectSaaS\\workflows\\nodebase\0")` failed: %1 is not a valid Win32 application. (os error 193)
ERROR [portable_pty::win::psuedocon] CreateProcessW `"\"C:\\Program Files\\nodejs\\npm\" run inngest:dev\0"` in cwd `Some("E:\\ProjectSaaS\\workflows\\nodebase\0")` failed: %1 is not a valid Win32 application. (os error 193)
ERROR [portable_pty::win::psuedocon] CreateProcessW `"\"C:\\Program Files\\nodejs\\npm\" run inngest:dev\0"` in cwd `Some("E:\\ProjectSaaS\\workflows\\nodebase\0")` failed: %1 is not a valid Win32 application. (os error 193)
ERROR [portable_pty::win::psuedocon] CreateProcessW `"\"C:\\Program Files\\nodejs\\npm\" run inngest:dev\0"` in cwd `Some("E:\\ProjectSaaS\\workflows\\nodebase\0")` failed: %1 is not a valid Win32 application. (os error 193)
ERROR [portable_pty::win::psuedocon] CreateProcessW `"\"C:\\Program Files\\nodejs\\npm\" run inngest:dev\0"` in cwd `Some("E:\\ProjectSaaS\\workflows\\nodebase\0")` failed: %1 is not a valid Win32 application. (os error 193)
ERROR [portable_pty::win::psuedocon] CreateProcessW `"\"C:\\Program Files\\nodejs\\npm\" run inngest:dev\0"` in cwd `Some("E:\\ProjectSaaS\\workflows\\nodebase\0")` failed: %1 is not a valid Win32 application. (os error 193)
ERROR [portable_pty::win::psuedocon] CreateProcessW `"\"C:\\Program Files\\nodejs\\npm\" run inngest:dev\0"` in cwd `Some("E:\\ProjectSaaS\\workflows\\nodebase\0")` failed: %1 is not a valid Win32 application. (os error 193)
ERROR [portable_pty::win::psuedocon] CreateProcessW `"\"C:\\Program Files\\nodejs\\npm\" run inngest:dev\0"` in cwd `Some("E:\\ProjectSaaS\\workflows\\nodebase\0")` failed: %1 is not a valid Win32 application. (os error 193)
ERROR [mprocs::error] Error: channel closed
ERROR [mprocs::error] Error: channel closed
ERROR [mprocs::error] Error: channel closed
ERROR [mprocs::error] Error: channel closed
ERROR [mprocs::error] Error: channel closed
ERROR [mprocs::error] Error: channel closed
ERROR [mprocs::error] Error: channel closed
ERROR [mprocs::error] Error: channel closed
ERROR [mprocs::error] Error: channel closed
ERROR [mprocs::error] Error: channel closed
ERROR [mprocs::error] Error: channel closed
ERROR [mprocs::error] Error: channel closed
ERROR [mprocs::error] Error: channel closed
ERROR [mprocs::error] Error: channel closed
ERROR [mprocs::error] Error: channel closed
ERROR [mprocs::error] Error: channel closed
ERROR [mprocs::error] Error: channel closed
ERROR [mprocs::error] Error: channel closed
ERROR [mprocs::error] Error: channel closed
ERROR [mprocs::error] Error: channel closed
ERROR [mprocs::error] Error: channel closed
ERROR [mprocs::error] Error: channel closed
ERROR [mprocs::error] Error: channel closed
WARN [mprocs::app] Ignore input event: FocusLost
WARN [mprocs::app] Ignore input event: FocusGained
WARN [mprocs::app] Ignore input event: FocusLost
WARN [mprocs::app] Ignore input event: FocusGained
WARN [mprocs::app] Ignore input event: FocusLost
WARN [mprocs::app] Ignore input event: FocusGained
WARN [mprocs::app] Ignore input event: FocusLost
WARN [mprocs::app] Ignore input event: FocusGained
WARN [mprocs::app] Ignore input event: FocusLost
WARN [mprocs::app] Ignore input event: FocusGained
WARN [mprocs::app] Ignore input event: FocusLost
WARN [mprocs::app] Ignore input event: FocusGained
WARN [mprocs::app] Ignore input event: FocusLost
WARN [mprocs::app] Ignore input event: FocusGained
WARN [mprocs::app] Ignore input event: FocusLost
WARN [mprocs::app] Ignore input event: FocusGained
WARN [mprocs::app] Ignore input event: FocusLost
WARN [mprocs::app] Ignore input event: FocusGained
WARN [mprocs::app] Ignore input event: FocusLost
WARN [mprocs::app] Ignore input event: FocusGained
WARN [mprocs::app] Ignore input event: FocusLost
WARN [mprocs::app] Ignore input event: FocusGained
WARN [mprocs::app] Ignore input event: FocusLost
WARN [mprocs::app] Ignore input event: FocusGained
WARN [mprocs::app] Ignore input event: FocusLost
WARN [mprocs::app] Ignore input event: FocusGained
WARN [mprocs::app] Ignore input event: FocusLost
WARN [mprocs::app] Ignore input event: FocusGained
WARN [mprocs::app] Ignore input event: FocusLost
WARN [mprocs::app] Ignore input event: FocusGained
WARN [mprocs::app] Ignore input event: FocusLost
WARN [mprocs::app] Ignore input event: FocusGained
WARN [mprocs::app] Ignore input event: FocusLost
WARN [mprocs::app] Ignore input event: FocusGained
WARN [mprocs::app] Ignore input event: FocusLost
WARN [mprocs::app] Ignore input event: FocusGained
WARN [mprocs::app] Ignore input event: FocusLost
WARN [mprocs::app] Ignore input event: FocusGained
WARN [mprocs::app] Ignore input event: FocusLost
WARN [mprocs::app] Ignore input event: FocusGained
WARN [mprocs::app] Ignore input event: FocusLost
WARN [mprocs::app] Ignore input event: FocusGained
WARN [mprocs::app] Ignore input event: FocusLost
WARN [mprocs::app] Ignore input event: FocusGained
WARN [mprocs::app] Ignore input event: FocusLost
WARN [mprocs::app] Ignore input event: FocusGained
WARN [mprocs::app] Ignore input event: FocusLost
WARN [mprocs::app] Ignore input event: FocusGained
ERROR [mprocs::error] Error: failed to resize console to 95x42: HRESULT: -2147024664
ERROR [mprocs::error] Error: failed to resize console to 95x18: HRESULT: -2147024664
ERROR [mprocs::error] Error: channel closed
ERROR [mprocs::error] Error: channel closed
ERROR [mprocs::error] Error: channel closed
ERROR [mprocs::error] Error: channel closed
ERROR [mprocs::error] Error: The pipe is being closed. (os error 232)
ERROR [mprocs] Got panic. @info:panicked at library\std\src\io\stdio.rs:1158:9:
failed printing to stderr: The pipe is being closed. (os error 232)
@stackTrace:disabled backtrace
WARN [mprocs::app] Ignore input event: FocusLost
WARN [mprocs::app] Ignore input event: FocusGained
WARN [mprocs::app] Ignore input event: FocusLost
WARN [mprocs::app] Ignore input event: FocusGained
WARN [mprocs::app] Ignore input event: FocusLost
WARN [mprocs::app] Ignore input event: FocusGained
WARN [mprocs::app] Ignore input event: FocusLost
WARN [mprocs::app] Ignore input event: FocusGained
WARN [mprocs::app] Ignore input event: FocusLost
WARN [mprocs::app] Ignore input event: FocusGained
WARN [mprocs::app] Ignore input event: FocusLost
WARN [mprocs::app] Ignore input event: FocusGained
WARN [mprocs::app] Ignore input event: FocusLost
WARN [mprocs::app] Ignore input event: FocusGained
WARN [mprocs::app] Ignore input event: FocusLost
WARN [mprocs::app] Ignore input event: FocusGained
WARN [mprocs::app] Ignore input event: FocusLost
WARN [mprocs::app] Ignore input event: FocusGained
WARN [mprocs::app] Ignore input event: FocusLost
WARN [mprocs::app] Ignore input event: FocusGained
WARN [mprocs::app] Ignore input event: FocusLost
WARN [mprocs::app] Ignore input event: FocusGained
WARN [mprocs::app] Ignore input event: FocusLost
WARN [mprocs::app] Ignore input event: FocusGained
WARN [mprocs::app] Ignore input event: FocusLost
WARN [mprocs::app] Ignore input event: FocusGained
WARN [mprocs::app] Ignore input event: FocusLost
WARN [mprocs::app] Ignore input event: FocusGained
WARN [mprocs::app] Ignore input event: FocusLost
WARN [mprocs::app] Ignore input event: FocusGained
WARN [mprocs::app] Ignore input event: FocusLost
WARN [mprocs::app] Ignore input event: FocusGained
WARN [mprocs::app] Ignore input event: FocusLost
WARN [mprocs::app] Ignore input event: FocusGained
WARN [mprocs::app] Ignore input event: FocusLost
WARN [mprocs::app] Ignore input event: FocusGained
WARN [mprocs::app] Ignore input event: FocusLost
WARN [mprocs::app] Ignore input event: FocusGained
WARN [mprocs::app] Ignore input event: FocusLost
WARN [mprocs::app] Ignore input event: FocusGained
WARN [mprocs::app] Ignore input event: FocusLost
WARN [mprocs::app] Ignore input event: FocusGained
WARN [mprocs::app] Ignore input event: FocusLost
WARN [mprocs::app] Ignore input event: FocusGained
WARN [mprocs::app] Ignore input event: FocusLost
WARN [mprocs::app] Ignore input event: FocusGained
WARN [mprocs::app] Ignore input event: FocusLost
WARN [mprocs::app] Ignore input event: FocusGained
WARN [mprocs::app] Ignore input event: FocusLost
WARN [mprocs::app] Ignore input event: FocusGained
WARN [mprocs::app] Ignore input event: FocusLost
WARN [mprocs::app] Ignore input event: FocusGained
WARN [mprocs::app] Ignore input event: FocusLost
WARN [mprocs::app] Ignore input event: FocusGained
WARN [mprocs::app] Ignore input event: FocusLost
WARN [mprocs::app] Ignore input event: FocusGained
WARN [mprocs::app] Ignore input event: FocusLost
WARN [mprocs::app] Ignore input event: FocusGained
WARN [mprocs::app] Ignore input event: FocusLost
WARN [mprocs::app] Ignore input event: FocusGained
WARN [mprocs::app] Ignore input event: FocusLost
WARN [mprocs::app] Ignore input event: FocusGained
WARN [mprocs::app] Ignore input event: FocusLost
WARN [mprocs::app] Ignore input event: FocusGained
WARN [mprocs::app] Ignore input event: FocusLost
WARN [mprocs::app] Ignore input event: FocusGained
WARN [mprocs::app] Ignore input event: FocusLost
WARN [mprocs::app] Ignore input event: FocusGained
WARN [mprocs::app] Ignore input event: FocusLost
WARN [mprocs::app] Ignore input event: FocusGained
WARN [mprocs::app] Ignore input event: FocusLost
WARN [mprocs::app] Ignore input event: FocusGained
WARN [mprocs::app] Ignore input event: FocusLost
WARN [mprocs::app] Ignore input event: FocusGained
WARN [mprocs::app] Ignore input event: FocusLost
WARN [mprocs::app] Ignore input event: FocusGained
WARN [mprocs::app] Ignore input event: FocusLost
WARN [mprocs::app] Ignore input event: FocusGained
WARN [mprocs::app] Ignore input event: FocusLost
WARN [mprocs::app] Ignore input event: FocusGained
WARN [mprocs::app] Ignore input event: FocusLost
WARN [mprocs::app] Ignore input event: FocusGained
WARN [mprocs::app] Ignore input event: FocusLost
WARN [mprocs::app] Ignore input event: FocusGained
WARN [mprocs::app] Ignore input event: FocusLost
WARN [mprocs::app] Ignore input event: FocusGained
WARN [mprocs::app] Ignore input event: FocusLost
WARN [mprocs::app] Ignore input event: FocusGained
WARN [mprocs::app] Ignore input event: FocusLost
WARN [mprocs::app] Ignore input event: FocusGained
WARN [mprocs::app] Ignore input event: FocusLost
WARN [mprocs::app] Ignore input event: FocusGained
WARN [mprocs::app] Ignore input event: FocusLost
WARN [mprocs::app] Ignore input event: FocusGained
WARN [mprocs::app] Ignore input event: FocusLost
WARN [mprocs::app] Ignore input event: FocusGained
WARN [mprocs::app] Ignore input event: FocusGained
WARN [mprocs::app] Ignore input event: FocusLost
WARN [mprocs::app] Ignore input event: FocusGained
WARN [mprocs::app] Ignore input event: FocusLost
WARN [mprocs::app] Ignore input event: FocusGained
WARN [mprocs::app] Ignore input event: FocusLost
WARN [mprocs::app] Ignore input event: FocusGained
WARN [mprocs::app] Ignore input event: FocusLost
WARN [mprocs::app] Ignore input event: FocusGained
WARN [mprocs::app] Ignore input event: FocusLost
WARN [mprocs::app] Ignore input event: FocusGained
WARN [mprocs::app] Ignore input event: FocusLost
WARN [mprocs::app] Ignore input event: FocusGained
WARN [mprocs::app] Ignore input event: FocusLost
WARN [mprocs::app] Ignore input event: FocusGained
ERROR [mprocs::error] Error: channel closed
ERROR [mprocs::error] Error: channel closed
ERROR [mprocs::error] Error: channel closed
ERROR [mprocs::error] Error: channel closed
ERROR [mprocs::error] Error: channel closed
WARN [mprocs::app] Ignore input event: FocusGained
WARN [mprocs::app] Ignore input event: FocusLost
WARN [mprocs::app] Ignore input event: FocusLost
WARN [mprocs::app] Ignore input event: FocusGained
WARN [mprocs::app] Ignore input event: FocusLost
WARN [mprocs::app] Ignore input event: FocusGained
WARN [mprocs::app] Ignore input event: FocusLost
WARN [mprocs::app] Ignore input event: FocusGained
WARN [mprocs::app] Ignore input event: FocusLost
WARN [mprocs::app] Ignore input event: FocusGained
WARN [mprocs::app] Ignore input event: FocusLost
WARN [mprocs::app] Ignore input event: FocusGained
WARN [mprocs::app] Ignore input event: FocusGained
WARN [mprocs::app] Ignore input event: FocusLost
WARN [mprocs::app] Ignore input event: FocusGained
WARN [mprocs::app] Ignore input event: FocusLost
WARN [mprocs::app] Ignore input event: FocusGained
WARN [mprocs::app] Ignore input event: FocusLost
WARN [mprocs::app] Ignore input event: FocusGained
WARN [mprocs::app] Ignore input event: FocusLost
WARN [mprocs::app] Ignore input event: FocusGained
WARN [mprocs::app] Ignore input event: FocusLost
WARN [mprocs::app] Ignore input event: FocusGained
WARN [mprocs::app] Ignore input event: FocusLost
WARN [mprocs::app] Ignore input event: FocusGained
WARN [mprocs::app] Ignore input event: FocusLost
WARN [mprocs::app] Ignore input event: FocusGained
WARN [mprocs::app] Ignore input event: FocusLost
WARN [mprocs::app] Ignore input event: FocusGained
WARN [mprocs::app] Ignore input event: FocusLost
WARN [mprocs::app] Ignore input event: FocusGained
WARN [mprocs::app] Ignore input event: FocusLost
WARN [mprocs::app] Ignore input event: FocusGained
WARN [mprocs::app] Ignore input event: FocusLost
WARN [mprocs::app] Ignore input event: FocusGained
WARN [mprocs::app] Ignore input event: FocusLost
WARN [mprocs::app] Ignore input event: FocusGained
WARN [mprocs::app] Ignore input event: FocusLost
WARN [mprocs::app] Ignore input event: FocusGained
WARN [mprocs::app] Ignore input event: FocusLost
WARN [mprocs::app] Ignore input event: FocusGained
WARN [mprocs::app] Ignore input event: FocusLost
WARN [mprocs::app] Ignore input event: FocusGained
WARN [mprocs::app] Ignore input event: FocusLost
WARN [mprocs::app] Ignore input event: FocusGained
WARN [mprocs::app] Ignore input event: FocusLost
WARN [mprocs::app] Ignore input event: FocusGained
WARN [mprocs::app] Ignore input event: FocusLost
WARN [mprocs::app] Ignore input event: FocusGained
WARN [mprocs::app] Ignore input event: FocusLost
WARN [mprocs::app] Ignore input event: FocusGained
WARN [mprocs::app] Ignore input event: FocusLost
WARN [mprocs::app] Ignore input event: FocusGained
WARN [mprocs::app] Ignore input event: FocusLost
WARN [mprocs::app] Ignore input event: FocusGained
WARN [mprocs::app] Ignore input event: FocusLost
WARN [mprocs::app] Ignore input event: FocusGained
WARN [mprocs::app] Ignore input event: FocusLost
WARN [mprocs::app] Ignore input event: FocusGained
WARN [mprocs::app] Ignore input event: FocusLost
WARN [mprocs::app] Ignore input event: FocusGained
WARN [mprocs::app] Ignore input event: FocusLost
WARN [mprocs::app] Ignore input event: FocusGained
WARN [mprocs::app] Ignore input event: FocusLost
WARN [mprocs::app] Ignore input event: FocusGained
WARN [mprocs::app] Ignore input event: FocusLost
WARN [mprocs::app] Ignore input event: FocusGained
WARN [mprocs::app] Ignore input event: FocusLost
WARN [mprocs::app] Ignore input event: FocusGained
WARN [mprocs::app] Ignore input event: FocusLost
WARN [mprocs::app] Ignore input event: FocusGained
WARN [mprocs::app] Ignore input event: FocusLost
WARN [mprocs::app] Ignore input event: FocusGained
WARN [mprocs::app] Ignore input event: FocusLost
WARN [mprocs::app] Ignore input event: FocusGained
WARN [mprocs::app] Ignore input event: FocusLost
WARN [mprocs::app] Ignore input event: FocusGained
WARN [mprocs::app] Ignore input event: FocusLost
WARN [mprocs::app] Ignore input event: FocusGained
WARN [mprocs::app] Ignore input event: FocusLost
WARN [mprocs::app] Ignore input event: FocusGained
WARN [mprocs::app] Ignore input event: FocusLost
WARN [mprocs::app] Ignore input event: FocusGained
WARN [mprocs::app] Ignore input event: FocusLost
WARN [mprocs::app] Ignore input event: FocusGained
WARN [mprocs::app] Ignore input event: FocusLost
WARN [mprocs::app] Ignore input event: FocusGained
WARN [mprocs::app] Ignore input event: FocusLost
WARN [mprocs::app] Ignore input event: FocusGained
WARN [mprocs::app] Ignore input event: FocusLost
WARN [mprocs::app] Ignore input event: FocusGained
WARN [mprocs::app] Ignore input event: FocusLost
